src/lib/contracts/client.ts(5,3): error TS6133: 'TransactionBuilder' is declared but its value is never read.
src/lib/contracts/client.ts(6,3): error TS6133: 'xdr' is declared but its value is never read.
src/lib/contracts/client.ts(7,3): error TS2724: '"@stellar/stellar-sdk"' has no exported member named 'SorobanRpc'. Did you mean 'Soroban'?
src/lib/contracts/client.ts(49,73): error TS2345: Argument of type '{ signedTxXdr: string; signerAddress: string; } & { error?: any; }' is not assignable to parameter of type 'string | TransactionEnvelope'.
src/lib/contracts/client.ts(51,48): error TS2367: This comparison appears to be unintentional because the types '"DUPLICATE" | "TRY_AGAIN_LATER" | "ERROR"' and '"SUCCESS"' have no overlap.
