src/lib/contracts/client.ts(4,3): error TS6133: 'xdr' is declared but its value is never read.
src/lib/contracts/client.ts(5,3): error TS2724: '"@stellar/stellar-sdk"' has no exported member named 'SorobanRpc'. Did you mean 'Soroban'?
